
===========================================================================
report_checks -path_delay min (Hold)
============================================================================
======================= Fastest Corner ===================================

Startpoint: ui_in[1] (input port clocked by clk)
Endpoint: uo_out[0] (output port clocked by clk)
Path Group: clk
Path Type: min
Corner: Fastest

Fanout     Cap    Slew   Delay    Time   Description
-----------------------------------------------------------------------------
                  0.15    0.00    0.00   clock clk (rise edge)
                          0.00    0.00   clock network delay (ideal)
                          4.00    4.00 v input external delay
     1    0.00    0.00    0.00    4.00 v ui_in[1] (in)
                                         ui_in[1] (net)
                  0.00    0.00    4.00 v input2/A (sky130_fd_sc_hd__clkbuf_1)
     1    0.00    0.02    0.05    4.05 v input2/X (sky130_fd_sc_hd__clkbuf_1)
                                         net2 (net)
                  0.02    0.00    4.05 v _01_/A (sky130_fd_sc_hd__and2_1)
     1    0.00    0.02    0.07    4.12 v _01_/X (sky130_fd_sc_hd__and2_1)
                                         _00_ (net)
                  0.02    0.00    4.12 v _02_/A (sky130_fd_sc_hd__clkbuf_4)
     1    0.04    0.06    0.12    4.24 v _02_/X (sky130_fd_sc_hd__clkbuf_4)
                                         uo_out[0] (net)
                  0.06    0.00    4.24 v uo_out[0] (out)
                                  4.24   data arrival time

                  0.15    0.00    0.00   clock clk (rise edge)
                          0.00    0.00   clock network delay (ideal)
                          0.25    0.25   clock uncertainty
                          0.00    0.25   clock reconvergence pessimism
                         -4.00   -3.75   output external delay
                                 -3.75   data required time
-----------------------------------------------------------------------------
                                 -3.75   data required time
                                 -4.24   data arrival time
-----------------------------------------------------------------------------
                                  7.99   slack (MET)



worst slack corner Fastest: 7.9932
======================= Slowest Corner ===================================

Startpoint: ui_in[1] (input port clocked by clk)
Endpoint: uo_out[0] (output port clocked by clk)
Path Group: clk
Path Type: min
Corner: Slowest

Fanout     Cap    Slew   Delay    Time   Description
-----------------------------------------------------------------------------
                  0.15    0.00    0.00   clock clk (rise edge)
                          0.00    0.00   clock network delay (ideal)
                          4.00    4.00 ^ input external delay
     1    0.00    0.03    0.02    4.02 ^ ui_in[1] (in)
                                         ui_in[1] (net)
                  0.03    0.00    4.02 ^ input2/A (sky130_fd_sc_hd__clkbuf_1)
     1    0.00    0.08    0.13    4.15 ^ input2/X (sky130_fd_sc_hd__clkbuf_1)
                                         net2 (net)
                  0.08    0.00    4.15 ^ _01_/A (sky130_fd_sc_hd__and2_1)
     1    0.00    0.08    0.21    4.36 ^ _01_/X (sky130_fd_sc_hd__and2_1)
                                         _00_ (net)
                  0.08    0.00    4.36 ^ _02_/A (sky130_fd_sc_hd__clkbuf_4)
     1    0.04    0.21    0.33    4.69 ^ _02_/X (sky130_fd_sc_hd__clkbuf_4)
                                         uo_out[0] (net)
                  0.21    0.00    4.69 ^ uo_out[0] (out)
                                  4.69   data arrival time

                  0.15    0.00    0.00   clock clk (rise edge)
                          0.00    0.00   clock network delay (ideal)
                          0.25    0.25   clock uncertainty
                          0.00    0.25   clock reconvergence pessimism
                         -4.00   -3.75   output external delay
                                 -3.75   data required time
-----------------------------------------------------------------------------
                                 -3.75   data required time
                                 -4.69   data arrival time
-----------------------------------------------------------------------------
                                  8.44   slack (MET)



worst slack corner Slowest: 8.4421
======================= Typical Corner ===================================

Startpoint: ui_in[1] (input port clocked by clk)
Endpoint: uo_out[0] (output port clocked by clk)
Path Group: clk
Path Type: min
Corner: Typical

Fanout     Cap    Slew   Delay    Time   Description
-----------------------------------------------------------------------------
                  0.15    0.00    0.00   clock clk (rise edge)
                          0.00    0.00   clock network delay (ideal)
                          4.00    4.00 v input external delay
     1    0.00    0.01    0.00    4.00 v ui_in[1] (in)
                                         ui_in[1] (net)
                  0.01    0.00    4.00 v input2/A (sky130_fd_sc_hd__clkbuf_1)
     1    0.00    0.03    0.07    4.08 v input2/X (sky130_fd_sc_hd__clkbuf_1)
                                         net2 (net)
                  0.03    0.00    4.08 v _01_/A (sky130_fd_sc_hd__and2_1)
     1    0.00    0.03    0.12    4.19 v _01_/X (sky130_fd_sc_hd__and2_1)
                                         _00_ (net)
                  0.03    0.00    4.19 v _02_/A (sky130_fd_sc_hd__clkbuf_4)
     1    0.04    0.09    0.18    4.37 v _02_/X (sky130_fd_sc_hd__clkbuf_4)
                                         uo_out[0] (net)
                  0.09    0.00    4.37 v uo_out[0] (out)
                                  4.37   data arrival time

                  0.15    0.00    0.00   clock clk (rise edge)
                          0.00    0.00   clock network delay (ideal)
                          0.25    0.25   clock uncertainty
                          0.00    0.25   clock reconvergence pessimism
                         -4.00   -3.75   output external delay
                                 -3.75   data required time
-----------------------------------------------------------------------------
                                 -3.75   data required time
                                 -4.37   data arrival time
-----------------------------------------------------------------------------
                                  8.12   slack (MET)



worst slack corner Typical: 8.1205
